---
source: src/shell/pwsh.rs
assertion_line: 181
expression: "Pwsh::default().unset_env(\"FOO\")"
snapshot_kind: text
---
$Env:FOO=""
